[    0.000000] Initializing cgroup subsys cpuset
[    0.000000] Initializing cgroup subsys cpu
[    0.000000] Initializing cgroup subsys cpuacct
[    0.000000] Linux version 4.4.0-203-generic (buildd@lcy01-amd64-027) (gcc version 5.4.0 20160609 (Ubuntu 5.4.0-6ubuntu1~16.04.12) ) #235-Ubuntu SMP Tue Feb 2 02:49:08 UTC 2021 (Ubuntu 4.4.0-203.235-generic 4.4.249)
[    0.000000] Command line: BOOT_IMAGE=/boot/vmlinuz-4.4.0-203-generic root=LABEL=cloudimg-rootfs ro console=tty1 console=ttyS0
[    0.000000] KERNEL supported cpus:
[    0.000000]   Intel GenuineIntel
[    0.000000]   AMD AuthenticAMD
[    0.000000]   Centaur CentaurHauls
[    0.000000] x86/fpu: xstate_offset[2]:  576, xstate_sizes[2]:  256
[    0.000000] x86/fpu: Supporting XSAVE feature 0x01: 'x87 floating point registers'
[    0.000000] x86/fpu: Supporting XSAVE feature 0x02: 'SSE registers'
[    0.000000] x86/fpu: Supporting XSAVE feature 0x04: 'AVX registers'
[    0.000000] x86/fpu: Enabled xstate features 0x7, context size is 832 bytes, using 'standard' format.
[    0.000000] e820: BIOS-provided physical RAM map:
[    0.000000] BIOS-e820: [mem 0x0000000000000000-0x000000000009fbff] usable
[    0.000000] BIOS-e820: [mem 0x000000000009fc00-0x000000000009ffff] reserved
[    0.000000] BIOS-e820: [mem 0x00000000000f0000-0x00000000000fffff] reserved
[    0.000000] BIOS-e820: [mem 0x0000000000100000-0x000000003ffeffff] usable
[    0.000000] BIOS-e820: [mem 0x000000003fff0000-0x000000003fffffff] ACPI data
[    0.000000] BIOS-e820: [mem 0x00000000fec00000-0x00000000fec00fff] reserved
[    0.000000] BIOS-e820: [mem 0x00000000fee00000-0x00000000fee00fff] reserved
[    0.000000] BIOS-e820: [mem 0x00000000fffc0000-0x00000000ffffffff] reserved
[    0.000000] NX (Execute Disable) protection: active
[    0.000000] SMBIOS 2.5 present.
[    0.000000] Hypervisor detected: KVM
[    0.000000] e820: last_pfn = 0x3fff0 max_arch_pfn = 0x400000000
[    0.000000] MTRR: Disabled
[    0.000000] x86/PAT: MTRRs disabled, skipping PAT initialization too.
[    0.000000] CPU MTRRs all blank - virtualized system.
[    0.000000] x86/PAT: Configuration [0-7]: WB  WT  UC- UC  WB  WT  UC- UC  
[    0.000000] found SMP MP-table at [mem 0x0009fff0-0x0009ffff] mapped at [ffff88000009fff0]
[    0.000000] Scanning 1 areas for low memory corruption
[    0.000000] RAMDISK: [mem 0x362de000-0x37166fff]
[    0.000000] ACPI: Early table checksum verification disabled
[    0.000000] ACPI: RSDP 0x00000000000E0000 000024 (v02 VBOX  )
[    0.000000] ACPI: XSDT 0x000000003FFF0030 00003C (v01 VBOX   VBOXXSDT 00000001 ASL  00000061)
[    0.000000] ACPI: FACP 0x000000003FFF00F0 0000F4 (v04 VBOX   VBOXFACP 00000001 ASL  00000061)
[    0.000000] ACPI: DSDT 0x000000003FFF0470 002325 (v02 VBOX   VBOXBIOS 00000002 INTL 20100528)
[    0.000000] ACPI: FACS 0x000000003FFF0200 000040
[    0.000000] ACPI: FACS 0x000000003FFF0200 000040
[    0.000000] ACPI: APIC 0x000000003FFF0240 00005C (v02 VBOX   VBOXAPIC 00000001 ASL  00000061)
[    0.000000] ACPI: SSDT 0x000000003FFF02A0 0001CC (v01 VBOX   VBOXCPUT 00000002 INTL 20100528)
[    0.000000] No NUMA configuration found
[    0.000000] Faking a node at [mem 0x0000000000000000-0x000000003ffeffff]
[    0.000000] NODE_DATA(0) allocated [mem 0x3ffeb000-0x3ffeffff]
[    0.000000] kvm-clock: Using msrs 4b564d01 and 4b564d00
[    0.000000] kvm-clock: cpu 0, msr 0:3ffe3001, primary cpu clock
[    0.000000] kvm-clock: using sched offset of 6543171495 cycles
[    0.000000] clocksource: kvm-clock: mask: 0xffffffffffffffff max_cycles: 0x1cd42e4dffb, max_idle_ns: 881590591483 ns
[    0.000000] Zone ranges:
[    0.000000]   DMA      [mem 0x0000000000001000-0x0000000000ffffff]
[    0.000000]   DMA32    [mem 0x0000000001000000-0x000000003ffeffff]
[    0.000000]   Normal   empty
[    0.000000]   Device   empty
[    0.000000] Movable zone start for each node
[    0.000000] Early memory node ranges
[    0.000000]   node   0: [mem 0x0000000000001000-0x000000000009efff]
[    0.000000]   node   0: [mem 0x0000000000100000-0x000000003ffeffff]
[    0.000000] Initmem setup node 0 [mem 0x0000000000001000-0x000000003ffeffff]
[    0.000000] ACPI: PM-Timer IO Port: 0x4008
[    0.000000] IOAPIC[0]: apic_id 2, version 32, address 0xfec00000, GSI 0-23
[    0.000000] ACPI: INT_SRC_OVR (bus 0 bus_irq 0 global_irq 2 dfl dfl)
[    0.000000] ACPI: INT_SRC_OVR (bus 0 bus_irq 9 global_irq 9 low level)
[    0.000000] Using ACPI (MADT) for SMP configuration information
[    0.000000] smpboot: Allowing 2 CPUs, 0 hotplug CPUs
[    0.000000] PM: Registered nosave memory: [mem 0x00000000-0x00000fff]
[    0.000000] PM: Registered nosave memory: [mem 0x0009f000-0x0009ffff]
[    0.000000] PM: Registered nosave memory: [mem 0x000a0000-0x000effff]
[    0.000000] PM: Registered nosave memory: [mem 0x000f0000-0x000fffff]
[    0.000000] e820: [mem 0x40000000-0xfebfffff] available for PCI devices
[    0.000000] Booting paravirtualized kernel on KVM
[    0.000000] clocksource: refined-jiffies: mask: 0xffffffff max_cycles: 0xffffffff, max_idle_ns: 7645519600211568 ns
[    0.000000] setup_percpu: NR_CPUS:512 nr_cpumask_bits:512 nr_cpu_ids:2 nr_node_ids:1
[    0.000000] PERCPU: Embedded 33 pages/cpu @ffff88003fc00000 s95640 r8192 d31336 u1048576
[    0.000000] Built 1 zonelists in Node order, mobility grouping on.  Total pages: 257912
[    0.000000] Policy zone: DMA32
[    0.000000] Kernel command line: BOOT_IMAGE=/boot/vmlinuz-4.4.0-203-generic root=LABEL=cloudimg-rootfs ro console=tty1 console=ttyS0
[    0.000000] PID hash table entries: 4096 (order: 3, 32768 bytes)
[    0.000000] Memory: 997656K/1048120K available (8641K kernel code, 1337K rwdata, 4044K rodata, 1496K init, 1296K bss, 50464K reserved, 0K cma-reserved)
[    0.000000] SLUB: HWalign=64, Order=0-3, MinObjects=0, CPUs=2, Nodes=1
[    0.000000] Kernel/User page tables isolation: enabled
[    0.000000] Hierarchical RCU implementation.
[    0.000000] 	Build-time adjustment of leaf fanout to 64.
[    0.000000] 	RCU restricting CPUs from NR_CPUS=512 to nr_cpu_ids=2.
[    0.000000] RCU: Adjusting geometry for rcu_fanout_leaf=64, nr_cpu_ids=2
[    0.000000] NR_IRQS:33024 nr_irqs:440 16
[    0.000000] Console: colour VGA+ 80x25
[    0.000000] console [tty1] enabled
[    0.000000] console [ttyS0] enabled
[    0.000000] tsc: Detected 2095.084 MHz processor
[    0.292936] Calibrating delay loop (skipped) preset value.. 4190.16 BogoMIPS (lpj=8380336)
[    0.296636] pid_max: default: 32768 minimum: 301
[    0.298942] ACPI: Core revision 20150930
[    0.303211] ACPI: 2 ACPI AML tables successfully acquired and loaded
[    0.305912] Security Framework initialized
[    0.307927] Yama: becoming mindful.
[    0.309518] AppArmor: AppArmor initialized
[    0.311498] Dentry cache hash table entries: 131072 (order: 8, 1048576 bytes)
[    0.315909] Inode-cache hash table entries: 65536 (order: 7, 524288 bytes)
[    0.318790] Mount-cache hash table entries: 2048 (order: 2, 16384 bytes)
[    0.321449] Mountpoint-cache hash table entries: 2048 (order: 2, 16384 bytes)
[    0.329039] Initializing cgroup subsys io
[    0.332513] Initializing cgroup subsys memory
[    0.336275] Initializing cgroup subsys devices
[    0.339127] Initializing cgroup subsys freezer
[    0.342470] Initializing cgroup subsys net_cls
[    0.344297] Initializing cgroup subsys perf_event
[    0.346301] Initializing cgroup subsys net_prio
[    0.348310] Initializing cgroup subsys hugetlb
[    0.352299] Initializing cgroup subsys pids
[    0.367713] mce: CPU supports 0 MCE banks
[    0.370266] Last level iTLB entries: 4KB 64, 2MB 8, 4MB 8
[    0.372328] Last level dTLB entries: 4KB 64, 2MB 0, 4MB 0, 1GB 4
[    0.374687] Spectre V1 : Mitigation: usercopy/swapgs barriers and __user pointer sanitization
[    0.378457] Spectre V2 : Mitigation: Full generic retpoline
[    0.380711] Spectre V2 : Spectre v2 / SpectreRSB mitigation: Filling RSB on context switch
[    0.384337] Speculative Store Bypass: Vulnerable
[    0.386426] SRBDS: Unknown: Dependent on hypervisor status
[    0.388856] MDS: Mitigation: Clear CPU buffers
[    0.396493] Freeing SMP alternatives memory: 36K
[    0.411065] ftrace: allocating 32366 entries in 127 pages
[    0.521185] smpboot: APIC(0) Converting physical 0 to logical package 0
[    0.523155] smpboot: Max logical packages: 1
[    0.524654] x2apic enabled
[    0.525859] Switched APIC routing to physical x2apic.
[    0.529271] ..TIMER: vector=0x30 apic1=0 pin1=2 apic2=-1 pin2=-1
[    0.639885] smpboot: CPU0: Intel(R) Core(TM) i3-5015U CPU @ 2.10GHz (family: 0x6, model: 0x3d, stepping: 0x4)
[    0.644173] Performance Events: unsupported p6 CPU model 61 no PMU driver, software events only.
[    0.665632] KVM setup paravirtual spinlock
[    0.669523] x86: Booting SMP configuration:
[    0.671314] .... node  #0, CPUs:      #1
[    0.732870] kvm-clock: cpu 1, msr 0:3ffe3041, secondary cpu clock
[    0.751146] mce: CPU supports 0 MCE banks
[    0.764975] x86: Booted up 1 node, 2 CPUs
[    0.767308] smpboot: Total of 2 processors activated (8380.33 BogoMIPS)
[    0.770789] devtmpfs: initialized
[    0.775704] evm: security.selinux
[    0.777545] evm: security.SMACK64
[    0.779108] evm: security.SMACK64EXEC
[    0.780199] evm: security.SMACK64TRANSMUTE
[    0.781282] evm: security.SMACK64MMAP
[    0.782494] evm: security.ima
[    0.783855] evm: security.capability
[    0.785366] clocksource: jiffies: mask: 0xffffffff max_cycles: 0xffffffff, max_idle_ns: 7645041785100000 ns
[    0.787801] futex hash table entries: 512 (order: 3, 32768 bytes)
[    0.789708] pinctrl core: initialized pinctrl subsystem
[    0.791766] RTC time:  0:16:35, date: 03/01/21
[    0.793317] NET: Registered protocol family 16
[    0.804685] cpuidle: using governor ladder
[    0.816683] cpuidle: using governor menu
[    0.818393] PCCT header not found.
[    0.820001] ACPI: bus type PCI registered
[    0.821440] acpiphp: ACPI Hot Plug PCI Controller Driver version: 0.5
[    0.823264] PCI: Using configuration type 1 for base access
[    0.838536] ACPI: Added _OSI(Module Device)
[    0.840393] ACPI: Added _OSI(Processor Device)
[    0.842010] ACPI: Added _OSI(3.0 _SCP Extensions)
[    0.843646] ACPI: Added _OSI(Processor Aggregator Device)
[    0.847607] ACPI: Executed 1 blocks of module-level executable AML code
[    0.853965] ACPI: Interpreter enabled
[    0.855260] ACPI: (supports S0 S5)
[    0.856681] ACPI: Using IOAPIC for interrupt routing
[    0.859014] PCI: Using host bridge windows from ACPI; if necessary, use "pci=nocrs" and report a bug
[    0.870481] ACPI: PCI Root Bridge [PCI0] (domain 0000 [bus 00-ff])
[    0.872513] acpi PNP0A03:00: _OSC: OS supports [ASPM ClockPM Segments MSI]
[    0.875744] acpi PNP0A03:00: _OSC: not requesting OS control; OS requires [ExtendedConfig ASPM ClockPM MSI]
[    0.878854] acpi PNP0A03:00: fail to add MMCONFIG information, can't access extended PCI configuration space under this bridge.
[    0.884041] PCI host bridge to bus 0000:00
[    0.885971] pci_bus 0000:00: root bus resource [io  0x0000-0x0cf7 window]
[    0.888471] pci_bus 0000:00: root bus resource [io  0x0d00-0xffff window]
[    0.890344] pci_bus 0000:00: root bus resource [mem 0x000a0000-0x000bffff window]
[    0.893299] pci_bus 0000:00: root bus resource [mem 0x40000000-0xfdffffff window]
[    0.895777] pci_bus 0000:00: root bus resource [bus 00-ff]
[    0.899941] pci 0000:00:01.1: legacy IDE quirk: reg 0x10: [io  0x01f0-0x01f7]
[    0.902171] pci 0000:00:01.1: legacy IDE quirk: reg 0x14: [io  0x03f6]
[    0.904153] pci 0000:00:01.1: legacy IDE quirk: reg 0x18: [io  0x0170-0x0177]
[    0.924794] pci 0000:00:01.1: legacy IDE quirk: reg 0x1c: [io  0x0376]
[    0.959355] pci 0000:00:07.0: quirk: [io  0x4000-0x403f] claimed by PIIX4 ACPI
[    0.961580] pci 0000:00:07.0: quirk: [io  0x4100-0x410f] claimed by PIIX4 SMB
[    0.988551] ACPI: PCI Interrupt Link [LNKA] (IRQs 5 9 10 *11)
[    0.991703] ACPI: PCI Interrupt Link [LNKB] (IRQs 5 9 *10 11)
[    0.993874] ACPI: PCI Interrupt Link [LNKC] (IRQs 5 *9 10 11)
[    0.996125] ACPI: PCI Interrupt Link [LNKD] (IRQs 5 9 10 *11)
[    0.998295] ACPI: Enabled 2 GPEs in block 00 to 07
[    1.000244] vgaarb: setting as boot device: PCI:0000:00:02.0
[    1.001778] vgaarb: device added: PCI:0000:00:02.0,decodes=io+mem,owns=io+mem,locks=none
[    1.003966] vgaarb: loaded
[    1.004828] vgaarb: bridge control possible 0000:00:02.0
[    1.007705] SCSI subsystem initialized
[    1.009716] ACPI: bus type USB registered
[    1.010824] usbcore: registered new interface driver usbfs
[    1.012540] usbcore: registered new interface driver hub
[    1.014356] usbcore: registered new device driver usb
[    1.017893] PCI: Using ACPI for IRQ routing
[    1.022341] NetLabel: Initializing
[    1.025850] NetLabel:  domain hash size = 128
[    1.026962] NetLabel:  protocols = UNLABELED CIPSOv4
[    1.028242] NetLabel:  unlabeled traffic allowed by default
[    1.032282] amd_nb: Cannot enumerate AMD northbridges
[    1.034663] clocksource: Switched to clocksource kvm-clock
[   1.048483] AppArmor: AppArmor Filesystem Enabled
[    1.108168] pnp: PnP ACPI init
[    1.110965] pnp: PnP ACPI: found 3 devices
[    1.125973] clocksource: acpi_pm: mask: 0xffffff max_cycles: 0xffffff, max_idle_ns: 2085701024 ns
[    1.128780] NET: Registered protocol family 2
[    1.130448] TCP established hash table entries: 8192 (order: 4, 65536 bytes)
[    1.132316] TCP bind hash table entries: 8192 (order: 5, 131072 bytes)
[    1.134022] TCP: Hash tables configured (established 8192 bind 8192)
[    1.135563] UDP hash table entries: 512 (order: 2, 16384 bytes)
[    1.136960] UDP-Lite hash table entries: 512 (order: 2, 16384 bytes)
[    1.138477] NET: Registered protocol family 1
[    1.139663] pci 0000:00:00.0: Limiting direct PCI/PCI transfers
[    1.141315] pci 0000:00:01.0: Activating ISA DMA hang workarounds
[    1.143110] Unpacking initramfs...
[    1.505894] Freeing initrd memory: 14884K
[    1.507937] RAPL PMU detected, API unit is 2^-32 Joules, 4 fixed counters 10737418240 ms ovfl timer
[    1.511049] hw unit of domain pp0-core 2^-0 Joules
[    1.513176] hw unit of domain package 2^-0 Joules
[    1.514776] hw unit of domain dram 2^-0 Joules
[    1.516323] hw unit of domain pp1-gpu 2^-0 Joules
[    1.518032] clocksource: tsc: mask: 0xffffffffffffffff max_cycles: 0x1e330c83ae5, max_idle_ns: 440795276790 ns
[    1.525039] platform rtc_cmos: registered platform RTC device (no PNP device found)
[    1.530561] Scanning for low memory corruption every 60 seconds
[    1.534300] audit: initializing netlink subsys (disabled)
[    1.538724] audit: type=2000 audit(1614557803.957:1): initialized
[    1.542245] Initialise system trusted keyring
[    1.546150] HugeTLB registered 2 MB page size, pre-allocated 0 pages
[    1.552455] zbud: loaded
[    1.557753] VFS: Disk quotas dquot_6.6.0
[    1.560291] VFS: Dquot-cache hash table entries: 512 (order 0, 4096 bytes)
[    1.563528] squashfs: version 4.0 (2009/01/31) Phillip Lougher
[    1.566680] fuse init (API version 7.23)
[    1.570388] Key type big_key registered
[    1.571798] Allocating IMA MOK and blacklist keyrings.
[    1.575473] Key type asymmetric registered
[    1.578060] Asymmetric key parser 'x509' registered
[    1.580730] Block layer SCSI generic (bsg) driver version 0.4 loaded (major 249)
[    1.584101] io scheduler noop registered
[    1.585534] io scheduler deadline registered (default)
[    1.587223] io scheduler cfq registered
[    1.589829] pci_hotplug: PCI Hot Plug PCI Core version: 0.5
[    1.591643] pciehp: PCI Express Hot Plug Controller Driver version: 0.4
[    1.595735] ACPI: AC Adapter [AC] (on-line)
[    1.598515] input: Power Button as /devices/LNXSYSTM:00/LNXPWRBN:00/input/input0
[    1.602610] ACPI: Power Button [PWRF]
[    1.610632] input: Sleep Button as /devices/LNXSYSTM:00/LNXSLPBN:00/input/input1
[    1.618537] ACPI: Sleep Button [SLPF]
[    1.622046] ACPI: Battery Slot [BAT0] (battery present)
[    1.624349] GHES: HEST is not enabled!
[    1.626630] Serial: 8250/16550 driver, 32 ports, IRQ sharing enabled
[    1.650717] 00:02: ttyS0 at I/O 0x3f8 (irq = 4, base_baud = 115200) is a 16550A
[    1.655422] Linux agpgart interface v0.103
[    1.663210] loop: module loaded
[    1.669526] scsi host0: ata_piix
[    1.672353] scsi host1: ata_piix
[    1.673725] ata1: PATA max UDMA/33 cmd 0x1f0 ctl 0x3f6 bmdma 0xd000 irq 14
[    1.675974] ata2: PATA max UDMA/33 cmd 0x170 ctl 0x376 bmdma 0xd008 irq 15
[    1.684068] libphy: Fixed MDIO Bus: probed
[    1.686143] tun: Universal TUN/TAP device driver, 1.6
[    1.687799] tun: (C) 1999-2004 Max Krasnyansky <maxk@qualcomm.com>
[    1.689769] PPP generic driver version 2.4.2
[    1.691542] ehci_hcd: USB 2.0 'Enhanced' Host Controller (EHCI) Driver
[    1.694200] ehci-pci: EHCI PCI platform driver
[    1.695878] ehci-platform: EHCI generic platform driver
[    1.697626] ohci_hcd: USB 1.1 'Open' Host Controller (OHCI) Driver
[    1.700053] ohci-pci: OHCI PCI platform driver
[    1.701520] ohci-platform: OHCI generic platform driver
[    1.703224] uhci_hcd: USB Universal Host Controller Interface driver
[    1.709491] i8042: PNP: PS/2 Controller [PNP0303:PS2K,PNP0f03:PS2M] at 0x60,0x64 irq 1,12
[    1.713462] serio: i8042 KBD port at 0x60,0x64 irq 1
[    1.719870] serio: i8042 AUX port at 0x60,0x64 irq 12
[    1.721920] mousedev: PS/2 mouse device common for all mice
[ 1.887371] rtc_cmos rtc_cmos: rtc core: registered rtc_cmos as rtc0
[    1.887511] input: AT Translated Set 2 keyboard as /devices/platform/i8042/serio0/input/input2
[    2.004865] rtc_cmos rtc_cmos: alarms up to one day, 114 bytes nvram
[    2.011106] i2c /dev entries driver
[    2.012777] device-mapper: uevent: version 1.0.3
[    2.015213] device-mapper: ioctl: 4.34.0-ioctl (2015-10-28) initialised: dm-devel@redhat.com
[    2.021796] ledtrig-cpu: registered to indicate activity on CPUs
[    2.028738] NET: Registered protocol family 10
[    2.031916] NET: Registered protocol family 17
[    2.037293] Key type dns_resolver registered
[    2.068403] registered taskstats version 1
[    2.070263] Loading compiled-in X.509 certificates
[    2.073519] Loaded X.509 cert 'Build time autogenerated kernel key: c0f1dd89d7e09a1955be4fde7c6f946674683c10'
[    2.077442] zswap: loaded using pool lzo/zbud
[    2.323014] Key type trusted registered
[    2.332927] Key type encrypted registered
[    2.335115] AppArmor: AppArmor sha1 policy hashing enabled
[    2.336998] ima: No TPM chip found, activating TPM-bypass!
[    2.339075] ima: Allocated hash algorithm: sha1
[    2.340680] evm: HMAC attrs: 0x1
[    2.343768]   Magic number: 13:769:252
[    2.345685] rtc_cmos rtc_cmos: setting system clock to 2021-03-01 00:16:36 UTC (1614557796)
[    2.348297] BIOS EDD facility v0.16 2004-Jun-25, 0 devices found
[    2.350900] EDD information not available.
[    2.355211] Freeing unused kernel memory: 1496K
[    2.370805] Write protecting the kernel read-only data: 14336k
[    2.373532] Freeing unused kernel memory: 1588K
[    2.375116] Freeing unused kernel memory: 52K
Loading, please wait...
starting version 229
[    2.409439] random: systemd-udevd: uninitialized urandom read (16 bytes read, 5 bits of entropy available)
[    2.410226] random: udevadm: uninitialized urandom read (16 bytes read, 5 bits of entropy available)
[    2.410292] random: udevadm: uninitialized urandom read (16 bytes read, 5 bits of entropy available)
[    2.431937] random: systemd-udevd: uninitialized urandom read (16 bytes read, 5 bits of entropy available)
[    2.435267] random: udevadm: uninitialized urandom read (16 bytes read, 5 bits of entropy available)
[    2.435370] random: udevadm: uninitialized urandom read (16 bytes read, 5 bits of entropy available)
[    2.435881] random: udevadm: uninitialized urandom read (16 bytes read, 5 bits of entropy available)
[    2.436002] random: udevadm: uninitialized urandom read (16 bytes read, 5 bits of entropy available)
[    2.436123] random: udevadm: uninitialized urandom read (16 bytes read, 5 bits of entropy available)
[    2.436243] random: udevadm: uninitialized urandom read (16 bytes read, 5 bits of entropy available)
[    2.545681] e1000: Intel(R) PRO/1000 Network Driver - version 7.3.21-k8-NAPI
[    2.549331] e1000: Copyright (c) 1999-2006 Intel Corporation.
[    2.562654] Fusion MPT base driver 3.04.20
[    2.565818] Copyright (c) 1999-2008 LSI Corporation
[    2.626745] AVX2 version of gcm_enc/dec engaged.
[    2.628871] AES CTR mode by8 optimization enabled
[    2.639791] Fusion MPT SPI Host driver 3.04.20
[    2.764798] input: ImExPS/2 Generic Explorer Mouse as /devices/platform/i8042/serio1/input/input4
[    2.993658] e1000 0000:00:03.0 eth0: (PCI:33MHz:32-bit) 02:67:20:70:eb:1f
[    2.995787] e1000 0000:00:03.0 eth0: Intel(R) PRO/1000 Network Connection
[    3.384498] e1000 0000:00:08.0 eth1: (PCI:33MHz:32-bit) 08:00:27:01:3c:e2
[    3.387167] e1000 0000:00:08.0 eth1: Intel(R) PRO/1000 Network Connection
[    3.392475] e1000 0000:00:03.0 enp0s3: renamed from eth0
[    3.395858] mptbase: ioc0: Initiating bringup
[    3.403085] e1000 0000:00:08.0 enp0s8: renamed from eth1
[    3.523774] ioc0: LSI53C1030 A0: Capabilities={Initiator}
[    5.433384] scsi host2: ioc0: LSI53C1030 A0, FwRev=00000000h, Ports=1, MaxQ=256, IRQ=20
[    6.605340] scsi 2:0:0:0: Direct-Access     VBOX     HARDDISK         1.0  PQ: 0 ANSI: 5
[    6.631836] scsi target2:0:0: Beginning Domain Validation
[    6.635708] scsi target2:0:0: Domain Validation skipping write tests
[    6.637291] scsi target2:0:0: Ending Domain Validation
[    6.638978] scsi target2:0:0: asynchronous
[    6.643826] scsi 2:0:1:0: Direct-Access     VBOX     HARDDISK         1.0  PQ: 0 ANSI: 5
[    6.650094] scsi target2:0:1: Beginning Domain Validation
[    6.654528] scsi target2:0:1: Domain Validation skipping write tests
[    6.656279] scsi target2:0:1: Ending Domain Validation
[    6.657803] scsi target2:0:1: asynchronous
[    6.677206] sd 2:0:0:0: [sda] 83886080 512-byte logical blocks: (42.9 GB/40.0 GiB)
[    6.680884] sd 2:0:0:0: [sda] Write Protect is off
[    6.684085] sd 2:0:0:0: Attached scsi generic sg0 type 0
[    6.686881] sd 2:0:0:0: [sda] Incomplete mode parameter data
[    6.689001] sd 2:0:0:0: [sda] Assuming drive cache: write through
[    6.691204] sd 2:0:1:0: [sdb] 20480 512-byte logical blocks: (10.5 MB/10.0 MiB)
[    6.695266] sd 2:0:1:0: [sdb] Write Protect is off
[    6.697735] sd 2:0:1:0: [sdb] Incomplete mode parameter data
[    6.699947] sd 2:0:1:0: [sdb] Assuming drive cache: write through
[    6.702034] sd 2:0:1:0: Attached scsi generic sg1 type 0
[    6.909735]  sda: sda1
[    6.912730] sd 2:0:0:0: [sda] Attached SCSI disk
[    6.922993] sd 2:0:1:0: [sdb] Attached SCSI disk
Begin: Loading essential drivers ... [    8.546877] md: linear personality registered for level -1
[    8.553534] md: multipath personality registered for level -4
[    8.560184] md: raid0 personality registered for level 0
[    8.570606] md: raid1 personality registered for level 1
[    8.657714] raid6: sse2x1   gen()  6071 MB/s
[    8.727659] raid6: sse2x1   xor()  4300 MB/s
[    8.795117] raid6: sse2x2   gen()  7050 MB/s
[    8.862737] raid6: sse2x2   xor()  4803 MB/s
[    8.941946] raid6: sse2x4   gen() 10026 MB/s
[    9.010706] raid6: sse2x4   xor()  5790 MB/s
[    9.078926] raid6: avx2x1   gen() 10791 MB/s
[    9.147260] raid6: avx2x2   gen() 13039 MB/s
[    9.214847] raid6: avx2x4   gen() 15000 MB/s
[    9.216749] raid6: using algorithm avx2x4 gen() 15000 MB/s
[    9.219264] raid6: using avx2x2 recovery algorithm
[    9.223691] xor: automatically using best checksumming function:
[    9.262786]    avx       : 16109.000 MB/sec
[    9.266273] async_tx: api initialized (async)
[    9.284998] md: raid6 personality registered for level 6
[    9.287134] md: raid5 personality registered for level 5
[    9.288802] md: raid4 personality registered for level 4
[    9.301513] md: raid10 personality registered for level 10
done.
Begin: Running /scripts/init-premount ... done.
Begin: Mounting root file system ... Begin: Running /scripts/local-top ... done.
Begin: Running /scripts/local-premount ... [    9.360843] Btrfs loaded
Scanning for Btrfs filesystems
done.
Warning: fsck not present, so skipping root file system
[    9.655617] EXT4-fs (sda1): mounted filesystem with ordered data mode. Opts: (null)
done.
Begin: Running /scripts/local-bottom ... done.
Begin: Running /scripts/init-bottom ... done.
[   10.315676] random: nonblocking pool is initialized
[   10.579337] systemd[1]: systemd 229 running in system mode. (+PAM +AUDIT +SELINUX +IMA +APPARMOR +SMACK +SYSVINIT +UTMP +LIBCRYPTSETUP +GCRYPT +GNUTLS +ACL +XZ -LZ4 +SECCOMP +BLKID +ELFUTILS +KMOD -IDN)
[   10.586295] systemd[1]: Detected virtualization oracle.
[   10.588521] systemd[1]: Detected architecture x86-64.

Welcome to [1mUbuntu 16.04.7 LTS[0m!

[   10.652137] systemd[1]: Set hostname to <ubuntu-xenial>.
[   11.986398] systemd[1]: Started Forward Password Requests to Wall Directory Watch.
[[0;32m  OK  [0m] Started Forward Password Requests to Wall Directory Watch.
[   11.995510] systemd[1]: Listening on Journal Socket.
[[0;32m  OK  [0m] Listening on Journal Socket.
[   12.006985] systemd[1]: Reached target Encrypted Volumes.
[[0;32m  OK  [0m] Reached target Encrypted Volumes.
[   12.011422] systemd[1]: Listening on udev Kernel Socket.
[[0;32m  OK  [0m] Listening on udev Kernel Socket.
[   12.014552] systemd[1]: Reached target Swap.
[[0;32m  OK  [0m] Reached target Swap.
[   12.023452] systemd[1]: Reached target System Time Synchronized.
[[0;32m  OK  [0m] Reached target System Time Synchronized.
[   12.028459] systemd[1]: Set up automount Arbitrary Executable File Formats File System Automount Point.
[[0;32m  OK  [0m] Set up automount Arbitrary Executab...ats File System Automount Point.
[   12.033343] systemd[1]: Listening on udev Control Socket.
[[0;32m  OK  [0m] Listening on udev Control Socket.
[   12.036826] systemd[1]: Listening on LVM2 poll daemon socket.
[[0;32m  OK  [0m] Listening on LVM2 poll daemon socket.
[   12.041317] systemd[1]: Listening on LVM2 metadata daemon socket.
[[0;32m  OK  [0m] Listening on LVM2 metadata daemon socket.
[   12.054984] systemd[1]: Listening on Journal Socket (/dev/log).
[[0;32m  OK  [0m] Listening on Journal Socket (/dev/log).
[   12.058484] systemd[1]: Listening on Journal Audit Socket.
[[0;32m  OK  [0m] Listening on Journal Audit Socket.
[   12.067510] systemd[1]: Created slice System Slice.
[[0;32m  OK  [0m] Created slice System Slice.
[   12.095378] systemd[1]: Starting Load Kernel Modules...
         Starting Load Kernel Modules...
[   12.101112] systemd[1]: Mounting Huge Pages File System...
         Mounting Huge Pages File System...
[   12.105633] systemd[1]: Created slice system-serial\x2dgetty.slice.
[[0;32m  OK  [0m] Created slice system-serial\x2dgetty.slice.
[   12.113209] systemd[1]: Mounting POSIX Message Queue File System...
         Mounting POSIX Message Queue File System...
[   12.126973] systemd[1]: Reached target User and Group Name Lookups.
[[0;32m  OK  [0m] Reached target User and Group Name Lookups.
[   12.135256] systemd[1]: Mounting Debug File System...
         Mounting Debug File System...
[   12.138810] systemd[1]: Listening on Syslog Socket.
[[0;32m  OK  [0m] Listening on Syslog Socket.
[   12.144411] systemd[1]: Starting Journal Service...
         Starting Journal Service...
[   12.149468] systemd[1]: Starting Set console keymap...
         Starting Set console keymap...
[   12.154079] systemd[1]: Listening on Device-mapper event daemon FIFOs.
[[0;32m  OK  [0m] Listening on Device-mapper event daemon FIFOs.
[   12.159189] systemd[1]: Started Trigger resolvconf update for networkd DNS.
[[0;32m  OK  [0m] Started Trigger resolvconf update for networkd DNS.
[   12.188603] systemd[1]: Starting Nameserver information manager...
         Starting Nameserver information manager...
[   12.194675] systemd[1]: Starting Remount Root and Kernel File Systems...
         Starting Remount Root and Kernel File Systems...
[   12.199853] systemd[1]: Created slice User and Session Slice.
[[0;32m  OK  [0m] Created slice User and Session Slice.
[   12.203726] systemd[1]: Reached target Slices.
[[0;32m  OK  [0m] Reached target Slices.
[   12.209521] systemd[1]: Starting Create list of required static device nodes for the current kernel...
         Starting Create list of required st... nodes for the current kernel...
[   12.227351] Loading iSCSI transport class v2.0-870.
[   12.279371] iscsi: registered transport (tcp)
[   12.283149] systemd[1]: Starting Uncomplicated firewall...
         Starting Uncomplicated firewall...
[   12.289647] systemd[1]: Listening on /dev/initctl Compatibility Named Pipe.
[[0;32m  OK  [0m] Listening on /dev/initctl Compatibility Named Pipe.
[   12.300830] systemd[1]: Starting Monitoring of LVM2 mirrors, snapshots etc. using dmeventd or progress polling...
         Starting Monitoring of LVM2 mirrors... dmeventd or progress polling...
[   12.309262] systemd[1]: Started Create list of required static device nodes for the current kernel.
[[0;32m  OK  [0m] Started Create list of required sta...ce nodes for the current kernel.
[   12.323290] systemd[1]: Starting Create Static Device Nodes in /dev...
         Starting Create Static Device Nodes in /dev...
[   12.348799] systemd[1]: Mounted Debug File System.
[[0;32m  OK  [0m] Mounted Debug File System.
[   12.354008] EXT4-fs (sda1): re-mounted. Opts: (null)
[   12.358918] systemd[1]: Mounted Huge Pages File System.
[[0;32m  OK  [0m] Mounted Huge Pages File System.
[   12.363217] systemd[1]: Mounted POSIX Message Queue File System.
[[0;32m  OK  [0m] Mounted POSIX Message Queue File System.
[   12.384626] systemd[1]: Started Remount Root and Kernel File Systems.
[[0;32m  OK  [0m] Started Remount Root and Kernel File Systems.
[   12.390136] systemd[1]: Starting Load/Save Random Seed...
         Starting Load/Save Random Seed...
[   12.519013] systemd[1]: Starting udev Coldplug all Devices...
         Starting udev Coldplug all Devices...
[   12.524010] systemd[1]: Started Uncomplicated firewall.
[[0;32m  OK  [0m] Started Uncomplicated firewall.
[   12.537152] systemd[1]: Started Nameserver information manager.
[[0;32m  OK  [0m] Started Nameserver information manager.
[   12.629339] systemd[1]: Started Load/Save Random Seed.
[[0;32m  OK  [0m] Started Load/Save Random Seed.
[   12.702689] systemd[1]: Started Set console keymap.
[[0;32m  OK  [0m] Started Set console keymap.
[   12.731260] systemd[1]: Started udev Coldplug all Devices.
[[0;32m  OK  [0m] Started udev Coldplug all Devices.
[   12.789451] iscsi: registered transport (iser)
[   12.793561] systemd[1]: Started Load Kernel Modules.
[[0;32m  OK  [0m] Started Load Kernel Modules.
[   12.798047] systemd[1]: Started Journal Service.
[[0;32m  OK  [0m] Started Journal Service.
         Starting Flush Journal to Persistent Storage...
         Mounting FUSE Control File System...
         Starting Apply Kernel Variables...
[[0;32m  OK  [0m] Mounted FUSE Control File System.
[   12.956070] systemd-journald[380]: Received request to flush runtime journal from PID 1
[[0;32m  OK  [0m] Started LVM2 metadata daemon.
[[0;32m  OK  [0m] Started Flush Journal to Persistent Storage.
[[0;32m  OK  [0m] Started Apply Kernel Variables.
[[0;32m  OK  [0m] Started Create Static Device Nodes in /dev.
         Starting udev Kernel Device Manager...
[[0;32m  OK  [0m] Started Monitoring of LVM2 mirrors,...ng dmeventd or progress polling.
[[0;32m  OK  [0m] Reached target Local File Systems (Pre).
[[0;32m  OK  [0m] Reached target Local File Systems.
         Starting Initial cloud-init job (pre-networking)...
         Starting Create Volatile Files and Directories...
         Starting LSB: AppArmor initialization...
         Starting Tell Plymouth To Write Out Runtime Data...
         Starting Set console font and keymap...
[[0;32m  OK  [0m] Started Tell Plymouth To Write Out Runtime Data.
[[0;32m  OK  [0m] Started Create Volatile Files and Directories.
         Starting Update UTMP about System Boot/Shutdown...
[[0;32m  OK  [0m] Started Update UTMP about System Boot/Shutdown.
[[0;32m  OK  [0m] Started udev Kernel Device Manager.
[[0;32m  OK  [0m] Started Dispatch Password Requests to Console Directory Watch.
[[0;32m  OK  [0m] Found device /dev/ttyS0.
[[0;32m  OK  [0m] Started Set console font and keymap.
[[0;32m  OK  [0m] Created slice system-getty.slice.
[[0;32m  OK  [0m] Listening on Load/Save RF Kill Switch Status /dev/rfkill Watch.
[[0;32m  OK  [0m] Found device 82540EM Gigabit Ethern...r (PRO/1000 MT Desktop Adapter).
[[0;32m  OK  [0m] Found device 82540EM Gigabit Ethern...r (PRO/1000 MT Desktop Adapter).
[[0;32m  OK  [0m] Started LSB: AppArmor initialization.
         Starting Load AppArmor profiles managed internally by snapd...
[[0;32m  OK  [0m] Started Load AppArmor profiles managed internally by snapd.
[   20.215639] cloud-init[468]: Cloud-init v. 20.4.1-0ubuntu1~16.04.1 running 'init-local' at Mon, 01 Mar 2021 00:16:53 +0000. Up 19.01 seconds.
[[0;32m  OK  [0m] Started Initial cloud-init job (pre-networking).
[[0;32m  OK  [0m] Reached target Network (Pre).
         Starting Raise network interfaces...
[[0;32m  OK  [0m] Started ifup for enp0s8.
[[0;32m  OK  [0m] Started ifup for enp0s3.
[[0;32m  OK  [0m] Started Raise network interfaces.
[[0;32m  OK  [0m] Reached target Network.
         Starting Initial cloud-init job (metadata service crawler)...
[   22.754966] cloud-init[1076]: Cloud-init v. 20.4.1-0ubuntu1~16.04.1 running 'init' at Mon, 01 Mar 2021 00:16:56 +0000. Up 22.07 seconds.
[   22.761298] cloud-init[1076]: ci-info: ++++++++++++++++++++++++++++++++++++++Net device info+++++++++++++++++++++++++++++++++++++++
[   22.768820] cloud-init[1076]: ci-info: +--------+------+-----------------------------+---------------+--------+-------------------+
[   22.771714] cloud-init[1076]: ci-info: | Device |  Up  |           Address           |      Mask     | Scope  |     Hw-Address    |
[   22.789154] cloud-init[1076]: ci-info: +--------+------+-----------------------------+---------------+--------+-------------------+
[   22.792008] cloud-init[1076]: ci-info: | enp0s3 | True |          10.0.2.15          | 255.255.255.0 | global | 02:67:20:70:eb:1f |
[   22.796342] cloud-init[1076]: ci-info: | enp0s3 | True |  fe80::67:20ff:fe70:eb1f/64 |       .       |  link  | 02:67:20:70:eb:1f |
[   22.799248] cloud-init[1076]: ci-info: | enp0s8 | True |         192.168.1.24        | 255.255.255.0 | global | 08:00:27:01:3c:e2 |
[   22.802884] cloud-init[1076]: ci-info: | enp0s8 | True | fe80::a00:27ff:fe01:3ce2/64 |       .       |  link  | 08:00:27:01:3c:e2 |
[   22.805755] cloud-init[1076]: ci-info: |   lo   | True |          127.0.0.1          |   255.0.0.0   |  host  |         .         |
[   22.808739] cloud-init[1076]: ci-info: |   lo   | True |           ::1/128           |       .       |  host  |         .         |
[   22.812810] cloud-init[1076]: ci-info: +--------+------+-----------------------------+---------------+--------+-------------------+
[   22.815842] cloud-init[1076]: ci-info: +++++++++++++++++++++++++++Route IPv4 info++++++++++++++++++++++++++++
[   22.818624] cloud-init[1076]: ci-info: +-------+-------------+----------+---------------+-----------+-------+
[   22.821102] cloud-init[1076]: ci-info: | Route | Destination | Gateway  |    Genmask    | Interface | Flags |
[   22.823738] cloud-init[1076]: ci-info: +-------+-------------+----------+---------------+-----------+-------+
[   22.826345] cloud-init[1076]: ci-info: |   0   |   0.0.0.0   | 10.0.2.2 |    0.0.0.0    |   enp0s3  |   UG  |
[   22.830038] cloud-init[1076]: ci-info: |   1   |   10.0.2.0  | 0.0.0.0  | 255.255.255.0 |   enp0s3  |   U   |
[   22.832599] cloud-init[1076]: ci-info: |   2   | 192.168.1.0 | 0.0.0.0  | 255.255.255.0 |   enp0s8  |   U   |
[   22.835219] cloud-init[1076]: ci-info: +-------+-------------+----------+---------------+-----------+-------+
[   22.837821] cloud-init[1076]: ci-info: +++++++++++++++++++Route IPv6 info+++++++++++++++++++
[   22.840148] cloud-init[1076]: ci-info: +-------+-------------+---------+-----------+-------+
[   22.842346] cloud-init[1076]: ci-info: | Route | Destination | Gateway | Interface | Flags |[[0;32m  OK  [0m] Started Initial cloud-init job (metadata service crawler).
[[0;32m  OK  [0m] Reached target Cloud-config availability.
[[0;32m  OK  [0m] Reached target System Initialization.
[[0;32m  OK  [0m] Listening on UUID daemon activation socket.

[   22.850493] cloud-init[1076]: ci-info: +-------+-------------+---------+-----------+-------+
[   22.852952] cloud-init[1076]: ci-info: |   0   |  fe80::/64  |    ::   |   enp0s8  |   U   |
[   22.855179] cloud-init[1076]: ci-info: |   1   |  fe80::/64  |    ::   |   enp0s3  |   U   |
[   22.864500] [[0;32m  OK  [0m] Started ACPI Events Check.
[[0;32m  OK  [0m] Reached target Paths.
[[0;32m  OK  [0m] Started Daily Cleanup of Temporary Directories.
cloud-init[1076]: ci-info: |   4   |   ff00::/8  |    ::   |   enp0s8  |   U   |
[   22.869146] cloud-init[1076]: ci-info: |   5   |   ff00::/8  |    ::   |   enp0s3  |   U   |
[   22.871189] cloud-init[1076]: ci-info: +-------+-------------+---------+-----------+-------+
[[0;32m  OK  [0m] Started Daily apt download activities.
[[0;32m  OK  [0m] Started Daily apt upgrade and clean activities.
[[0;32m  OK  [0m] Started Message of the Day.
[[0;32m  OK  [0m] Reached target Timers.
[[0;32m  OK  [0m] Listening on D-Bus System Message Bus Socket.
         Starting Socket activation for snappy daemon.
[[0;32m  OK  [0m] Listening on ACPID Listen Socket.
         Starting LXD - unix socket.
[[0;32m  OK  [0m] Reached target Network is Online.
         Starting iSCSI initiator daemon (iscsid)...
[[0;32m  OK  [0m] Listening on Socket activation for snappy daemon.
[[0;32m  OK  [0m] Listening on LXD - unix socket.
[[0;32m  OK  [0m] Reached target Sockets.
[[0;32m  OK  [0m] Reached target Basic System.
         Starting Login Service...
         Starting Message of the Day...
         Starting LSB: MD monitoring daemon...
         Starting Virtualbox guest utils...
         Starting Accounts Service...
         Starting LSB: Record successful boot for GRUB...
         Starting LXD - container startup/shutdown...
         Starting /etc/rc.local Compatibility...
         Starting Snap Daemon...
[[0;32m  OK  [0m] Started Deferred execution scheduler.
         Starting OpenBSD Secure Shell server...
[[0;32m  OK  [0m] Started Regular background program processing daemon.
[[0;32m  OK  [0m] Started FUSE filesystem for LXC.
[[0;32m  OK  [0m] Started D-Bus System Message Bus.
         Starting System Logging Service...
[[0;32m  OK  [0m] Started ACPI event daemon.
[[0;32m  OK  [0m] Started Message of the Day.
[[0;32m  OK  [0m] Started /etc/rc.local Compatibility.
[[0;32m  OK  [0m] Started OpenBSD Secure Shell server.
[[0;32m  OK  [0m] Started Login Service.
[[0;32m  OK  [0m] Started Unattended Upgrades Shutdown.
[[0;32m  OK  [0m] Started iSCSI initiator daemon (iscsid).
         Starting Login to default iSCSI targets...
[[0;32m  OK  [0m] Started LSB: Record successful boot for GRUB.
         Starting Authenticate and Authorize Users to Run Privileged Tasks...
[[0;32m  OK  [0m] Started LSB: MD monitoring daemon.
[[0;32m  OK  [0m] Started Login to default iSCSI targets.
[[0;32m  OK  [0m] Reached target Remote File Systems (Pre).
[[0;32m  OK  [0m] Reached target Remote File Systems.
         Starting LSB: Set the CPU Frequency Scaling governor to "ondemand"...
         Starting LSB: daemon to balance interrupts for SMP systems...
         Starting LSB: automatic crash report generation...
         Starting Permit User Sessions...
[[0;32m  OK  [0m] Started LSB: Set the CPU Frequency Scaling governor to "ondemand".
[[0;32m  OK  [0m] Started Permit User Sessions.
         Starting Terminate Plymouth Boot Screen...
         Starting Hold until boot process finishes up...
[[0;32m  OK  [0m] Started System Logging Service.
[[0;32m  OK  [0m] Started Hold until boot process finishes up.
[[0;32m  OK  [0m] Started Serial Getty on ttyS0.
[[0;32m  OK  [0m] Started Getty on tty1.
[[0;32m  OK  [0m] Reached target Login Prompts.
         Starting Set console scheme...
[[0;32m  OK  [0m] Started Terminate Plymouth Boot Screen.
[[0;32m  OK  [0m] Started Set console scheme.
[[0;32m  OK  [0m] Started Authenticate and Authorize Users to Run Privileged Tasks.
[[0;32m  OK  [0m] Started Accounts Service.
[[0;32m  OK  [0m] Started LSB: automatic crash report generation.
[[0;32m  OK  [0m] Started LSB: daemon to balance interrupts for SMP systems.
[[0;32m  OK  [0m] Started Virtualbox guest utils.
